2026-09-07T07:49:17Z loaded 1 blocks, weight 0, 0 pending, 1 peers
2026-09-07T07:49:17Z greffe 0.1.0 'bench' validator (behind NAT) 3a61d15e23dd listening on :7541 height 0
2026-09-07T07:49:21Z block 1 ac715651f269 (1 entries, weight 2) from seal
2026-09-07T07:49:21Z mem events=100 rss=9568kB in=48 re=2 push=46 pending=67 height=1
2026-09-07T07:49:21Z mem events=200 rss=12672kB in=92 re=2 push=102 pending=142 height=1
2026-09-07T07:49:21Z mem events=300 rss=15580kB in=138 re=2 push=156 pending=210 height=1
2026-09-07T07:49:22Z mem events=400 rss=18720kB in=181 re=2 push=213 pending=278 height=1
2026-09-07T07:49:22Z block 2 9b56997237ab (200 entries, weight 4) from seal
2026-09-07T07:49:22Z mem events=500 rss=23280kB in=203 re=2 push=290 pending=136 height=2
2026-09-07T07:49:22Z mem events=600 rss=26288kB in=226 re=2 push=367 pending=203 height=2
2026-09-07T07:49:22Z mem events=700 rss=30892kB in=277 re=3 push=415 pending=290 height=2
2026-09-07T07:49:23Z mem events=800 rss=34312kB in=334 re=3 push=458 pending=384 height=2
2026-09-07T07:49:23Z block 3 0ea411423808 (200 entries, weight 5) from seal
2026-09-07T07:49:23Z mem events=900 rss=48824kB in=387 re=4 push=503 pending=259 height=3
2026-09-07T07:49:23Z gc #1 rss 48824kB -> 22824kB
2026-09-07T07:49:23Z mem events=100 rss=23832kB in=398 re=4 push=592 pending=315 height=3
2026-09-07T07:49:23Z mem events=200 rss=25228kB in=409 re=4 push=681 pending=342 height=3
2026-09-07T07:49:24Z adopted chain height 3 weight 6 (was 3/5) from 127.0.0.1:7543
2026-09-07T07:49:24Z block 4 82e29c88f71e (200 entries, weight 8) from seal
2026-09-07T07:49:24Z mem events=300 rss=32936kB in=434 re=4 push=755 pending=201 height=4
2026-09-07T07:49:24Z mem events=400 rss=36004kB in=445 re=4 push=844 pending=291 height=4
2026-09-07T07:49:24Z mem events=500 rss=39008kB in=491 re=4 push=898 pending=375 height=4
2026-09-07T07:49:25Z mem events=600 rss=42268kB in=542 re=4 push=947 pending=464 height=4
2026-09-07T07:49:25Z block 5 8264b5b73f86 (200 entries, weight 9) from seal
2026-09-07T07:49:25Z mem events=700 rss=48260kB in=611 re=4 push=977 pending=358 height=5
2026-09-07T07:49:25Z mem events=800 rss=52916kB in=655 re=5 push=1032 pending=446 height=5
2026-09-07T07:49:26Z mem events=900 rss=57156kB in=743 re=5 push=1044 pending=544 height=5
2026-09-07T07:49:26Z block 6 4959815a8160 (200 entries, weight 11) from seal
2026-09-07T07:49:26Z mem events=1000 rss=62488kB in=785 re=5 push=1101 pending=432 height=6
2026-09-07T07:49:26Z mem events=1100 rss=65600kB in=813 re=5 push=1173 pending=505 height=6
2026-09-07T07:49:26Z mem events=1200 rss=68480kB in=848 re=5 push=1238 pending=567 height=6
2026-09-07T07:49:26Z mem events=1300 rss=70936kB in=879 re=5 push=1307 pending=603 height=6
2026-09-07T07:49:26Z mem events=1400 rss=74068kB in=943 re=5 push=1343 pending=672 height=6
2026-09-07T07:49:27Z block 7 de161346dcaa (200 entries, weight 12) from seal
2026-09-07T07:49:27Z mem events=1500 rss=79628kB in=1005 re=5 push=1380 pending=545 height=7
2026-09-07T07:49:27Z gc #2 rss 92496kB -> 49808kB
2026-09-07T07:49:27Z mem events=100 rss=50596kB in=1005 re=6 push=1554 pending=669 height=7
2026-09-07T07:49:28Z mem events=200 rss=51488kB in=1005 re=6 push=1654 pending=697 height=7
2026-09-07T07:49:28Z block 8 7923f4c55d33 (200 entries, weight 14) from seal
2026-09-07T07:49:28Z mem events=300 rss=54292kB in=1006 re=6 push=1752 pending=507 height=8
2026-09-07T07:49:28Z mem events=400 rss=55896kB in=1007 re=6 push=1851 pending=527 height=8
2026-09-07T07:49:28Z mem events=500 rss=56532kB in=1007 re=6 push=1951 pending=540 height=8
2026-09-07T07:49:29Z block 9 bfc15e0286e5 (200 entries, weight 15) from seal
2026-09-07T07:49:30Z block 10 42d91452c446 (200 entries, weight 17) from seal
2026-09-07T07:49:31Z block 11 1d65bf76a4af (200 entries, weight 18) from seal
2026-09-07T07:49:32Z adopted chain height 11 weight 19 (was 11/18) from 127.0.0.1:7543
2026-09-07T07:49:33Z gc #3 rss 76744kB -> 47972kB
